#
# There is insufficient memory for the Java Runtime Environment to continue.
# Native memory allocation (malloc) failed to allocate 1738256 bytes. Error detail: Chunk::new
# Possible reasons:
#   The system is out of physical RAM or swap space
#   This process is running with CompressedOops enabled, and the Java Heap may be blocking the growth of the native heap
# Possible solutions:
#   Reduce memory load on the system
#   Increase physical memory or swap space
#   Check if swap backing store is full
#   Decrease Java heap size (-Xmx/-Xms)
#   Decrease number of Java threads
#   Decrease Java thread stack sizes (-Xss)
#   Set larger code cache with -XX:ReservedCodeCacheSize=
#   JVM is running with Unscaled Compressed Oops mode in which the Java heap is
#     placed in the first 4GB address space. The Java Heap base address is the
#     maximum limit for the native heap growth. Please use -XX:HeapBaseMinAddress
#     to set the Java Heap base and to place the Java Heap above 4GB virtual address.
# This output file may be truncated or incomplete.
#
#  Out of Memory Error (arena.cpp:168), pid=8216, tid=628
#
# JRE version: OpenJDK Runtime Environment Temurin-21.0.12.1+1 (21.0.12.1+1) (build 21.0.12.1+1-LTS)
# Java VM: OpenJDK 64-Bit Server VM Temurin-21.0.12.1+1 (21.0.12.1+1-LTS, mixed mode, sharing, tiered, compressed oops, compressed class ptrs, parallel gc, windows-amd64)
# No core dump will be written. Minidumps are not enabled by default on client versions of Windows
#

---------------  S U M M A R Y ------------

Command Line: --add-modules=ALL-SYSTEM --add-opens=java.base/java.util=ALL-UNNAMED --add-opens=java.base/java.lang=ALL-UNNAMED --add-opens=java.base/sun.nio.fs=ALL-UNNAMED -Declipse.application=org.eclipse.jdt.ls.core.id1 -Dosgi.bundles.defaultStartLevel=4 -Declipse.product=org.eclipse.jdt.ls.core.product -Djava.import.generatesMetadataFilesAtProjectRoot=false -Dm2e.project.cache.size=50 -DDetectVMInstallationsJob.disabled=true -Dfile.encoding=utf8 -XX:+UseParallelGC -XX:GCTimeRatio=4 -XX:AdaptiveSizePolicyWeight=90 -Dsun.zip.disableMemoryMapping=true -Xmx2G -Xms100m -Xlog:disable -javaagent:c:\Users\Andres\.vscode\extensions\redhat.java-1.56.0-win32-x64\lombok\lombok-1.18.39-4050.jar -XX:+HeapDumpOnOutOfMemoryError -XX:HeapDumpPath=c:\Users\Andres\AppData\Roaming\Code\User\workspaceStorage\60e462f26da92927dfee0f09323ea1bd\redhat.java -Daether.dependencyCollector.impl=bf c:\Users\Andres\.vscode\extensions\redhat.java-1.56.0-win32-x64\server\plugins\org.eclipse.equinox.launcher_1.8.0.v20260804-1928.jar -configuration c:\Users\Andres\AppData\Roaming\Code\User\globalStorage\redhat.java\1.56.0\config_win -data c:\Users\Andres\AppData\Roaming\Code\User\workspaceStorage\60e462f26da92927dfee0f09323ea1bd\redhat.java\jdt_ws --pipe=\\.\pipe\lsp-d59105ad9a6140cc040dbf7a70f30560-sock

Host: Intel(R) Core(TM) i3-3240 CPU @ 3.40GHz, 4 cores, 3G,  Windows 10 , 64 bit Build 19041 (10.0.19041.5915)
Time: Mon Sep 28 18:00:55 2026 Hora estándar de Montevideo elapsed time: 7001.733288 seconds (0d 1h 56m 41s)

---------------  T H R E A D  ---------------

Current thread (0x000002417d5683c0):  JavaThread "C2 CompilerThread0" daemon [_thread_in_native, id=628, stack(0x000000f088500000,0x000000f088600000) (1024K)]


Current CompileTask:
C2:7001733 24681       4       org.eclipse.jdt.internal.compiler.parser.Parser::consumeRule (7843 bytes)

Stack: [0x000000f088500000,0x000000f088600000]
Native frames: (J=compiled Java code, j=interpreted, Vv=VM code, C=native code)
V  [jvm.dll+0x6d83e9]
V  [jvm.dll+0x8b5736]
V  [jvm.dll+0x8b7cee]
V  [jvm.dll+0x8b83d3]
V  [jvm.dll+0x284596]
V  [jvm.dll+0xc685d]
V  [jvm.dll+0xc6da1]
V  [jvm.dll+0x3bf151]
V  [jvm.dll+0x38b6d2]
V  [jvm.dll+0x38ab1a]
V  [jvm.dll+0x24c700]
V  [jvm.dll+0x24bce0]
V  [jvm.dll+0x1cb4ae]
V  [jvm.dll+0x25baad]
V  [jvm.dll+0x25a03a]
V  [jvm.dll+0x3f8aae]
V  [jvm.dll+0x8600cd]
V  [jvm.dll+0x6d6c1d]
C  [ucrtbase.dll+0x21bb2]
C  [KERNEL32.DLL+0x17374]
C  [ntdll.dll+0x4cc91]


---------------  P R O C E S S  ---------------

Threads class SMR info:
_java_thread_list=0x0000024159c7f120, length=37, elements={
0x0000024179b797e0, 0x000002417d55e920, 0x000002417d560130, 0x000002417d561cc0,
0x000002417d562be0, 0x000002417d563b00, 0x000002417d567580, 0x000002417d5683c0,
0x000002417d5dd1e0, 0x000002417e3ae110, 0x000002417e3bcd20, 0x000002417e8dd3a0,
0x000002417e5ade00, 0x000002417e9156c0, 0x000002417e916500, 0x000002417ebf05c0,
0x000002417fc4c520, 0x000002417e8bbc20, 0x000002417ed49410, 0x000002417ed4a130,
0x0000024158cda6b0, 0x0000024158cde850, 0x0000024158cddb30, 0x0000024158cdc0f0,
0x0000024158cdc780, 0x0000024158cdb3d0, 0x0000024158cdfc00, 0x000002415822eaa0,
0x000002415822d6f0, 0x00000241582304e0, 0x0000024158596410, 0x000002415859bff0,
0x000002415859b960, 0x0000024158cdce10, 0x0000024158cdba60, 0x000002417f5637d0,
0x000002417f563140
}

Java Threads: ( => current thread )
  0x0000024179b797e0 JavaThread "main"                              [_thread_blocked, id=18212, stack(0x000000f087b00000,0x000000f087c00000) (1024K)]
  0x000002417d55e920 JavaThread "Reference Handler"          daemon [_thread_blocked, id=11004, stack(0x000000f087f00000,0x000000f088000000) (1024K)]
  0x000002417d560130 JavaThread "Finalizer"                  daemon [_thread_blocked, id=15052, stack(0x000000f088000000,0x000000f088100000) (1024K)]
  0x000002417d561cc0 JavaThread "Signal Dispatcher"          daemon [_thread_blocked, id=15744, stack(0x000000f088100000,0x000000f088200000) (1024K)]
  0x000002417d562be0 JavaThread "Attach Listener"            daemon [_thread_blocked, id=15208, stack(0x000000f088200000,0x000000f088300000) (1024K)]
  0x000002417d563b00 JavaThread "Service Thread"             daemon [_thread_blocked, id=13708, stack(0x000000f088300000,0x000000f088400000) (1024K)]
  0x000002417d567580 JavaThread "Monitor Deflation Thread"   daemon [_thread_blocked, id=9268, stack(0x000000f088400000,0x000000f088500000) (1024K)]
=>0x000002417d5683c0 JavaThread "C2 CompilerThread0"         daemon [_thread_in_native, id=628, stack(0x000000f088500000,0x000000f088600000) (1024K)]
  0x000002417d5dd1e0 JavaThread "C1 CompilerThread0"         daemon [_thread_blocked, id=9840, stack(0x000000f088600000,0x000000f088700000) (1024K)]
  0x000002417e3ae110 JavaThread "Common-Cleaner"             daemon [_thread_blocked, id=5728, stack(0x000000f088700000,0x000000f088800000) (1024K)]
  0x000002417e3bcd20 JavaThread "Notification Thread"        daemon [_thread_blocked, id=9884, stack(0x000000f088800000,0x000000f088900000) (1024K)]
  0x000002417e8dd3a0 JavaThread "Active Thread: Equinox Container: cbd74eab-d59d-4f69-9e14-11c8f29693ce"        [_thread_blocked, id=928, stack(0x000000f088c00000,0x000000f088d00000) (1024K)]
  0x000002417e5ade00 JavaThread "Refresh Thread: Equinox Container: cbd74eab-d59d-4f69-9e14-11c8f29693ce" daemon [_thread_blocked, id=7780, stack(0x000000f088d00000,0x000000f088e00000) (1024K)]
  0x000002417e9156c0 JavaThread "Framework Event Dispatcher: Equinox Container: cbd74eab-d59d-4f69-9e14-11c8f29693ce" daemon [_thread_blocked, id=13040, stack(0x000000f088e00000,0x000000f088f00000) (1024K)]
  0x000002417e916500 JavaThread "Start Level: Equinox Container: cbd74eab-d59d-4f69-9e14-11c8f29693ce" daemon [_thread_blocked, id=7220, stack(0x000000f088f00000,0x000000f089000000) (1024K)]
  0x000002417ebf05c0 JavaThread "Bundle File Closer"         daemon [_thread_blocked, id=2696, stack(0x000000f089000000,0x000000f089100000) (1024K)]
  0x000002417fc4c520 JavaThread "SCR Component Actor"        daemon [_thread_blocked, id=10872, stack(0x000000f089100000,0x000000f089200000) (1024K)]
  0x000002417e8bbc20 JavaThread "Worker-JM"                         [_thread_blocked, id=3832, stack(0x000000f089200000,0x000000f089300000) (1024K)]
  0x000002417ed49410 JavaThread "JNA Cleaner"                daemon [_thread_blocked, id=9232, stack(0x000000f089300000,0x000000f089400000) (1024K)]
  0x000002417ed4a130 JavaThread "Thread-1"                   daemon [_thread_in_native, id=14928, stack(0x000000f089c00000,0x000000f089d00000) (1024K)]
  0x0000024158cda6b0 JavaThread "Thread-2"                   daemon [_thread_in_Java, id=7740, stack(0x000000f089d00000,0x000000f089e00000) (1024K)]
  0x0000024158cde850 JavaThread "Thread-3"                   daemon [_thread_in_native, id=11088, stack(0x000000f089e00000,0x000000f089f00000) (1024K)]
  0x0000024158cddb30 JavaThread "Thread-4"                   daemon [_thread_in_native, id=16256, stack(0x000000f089f00000,0x000000f08a000000) (1024K)]
  0x0000024158cdc0f0 JavaThread "Thread-5"                   daemon [_thread_in_native, id=10644, stack(0x000000f08a000000,0x000000f08a100000) (1024K)]
  0x0000024158cdc780 JavaThread "pool-2-thread-1"                   [_thread_blocked, id=10640, stack(0x000000f08a100000,0x000000f08a200000) (1024K)]
  0x0000024158cdb3d0 JavaThread "WorkspaceEventsHandler"            [_thread_blocked, id=16912, stack(0x000000f08a300000,0x000000f08a400000) (1024K)]
  0x0000024158cdfc00 JavaThread "pool-1-thread-1"                   [_thread_in_vm, id=4612, stack(0x000000f08a400000,0x000000f08a500000) (1024K)] _threads_hazard_ptr=0x0000024159c7f120
  0x000002415822eaa0 JavaThread "Java indexing"              daemon [_thread_blocked, id=1280, stack(0x000000f08ad00000,0x000000f08ae00000) (1024K)]
  0x000002415822d6f0 JavaThread "PatternSearchJob-worker-9"  daemon [_thread_blocked, id=9908, stack(0x000000f089600000,0x000000f089700000) (1024K)]
  0x00000241582304e0 JavaThread "PatternSearchJob-worker-10" daemon [_thread_blocked, id=9612, stack(0x000000f089900000,0x000000f089a00000) (1024K)]
  0x0000024158596410 JavaThread "Worker-15"                         [_thread_blocked, id=9144, stack(0x000000f089b00000,0x000000f089c00000) (1024K)]
  0x000002415859bff0 JavaThread "Worker-16: Validate documents"        [_thread_blocked, id=12632, stack(0x000000f08a500000,0x000000f08a600000) (1024K)]
  0x000002415859b960 JavaThread "ForkJoinPool.commonPool-worker-16" daemon [_thread_blocked, id=5036, stack(0x000000f087900000,0x000000f087a00000) (1024K)]
  0x0000024158cdce10 JavaThread "ForkJoinPool.commonPool-worker-18" daemon [_thread_blocked, id=5424, stack(0x000000f089500000,0x000000f089600000) (1024K)]
  0x0000024158cdba60 JavaThread "PatternSearchJob-worker-11" daemon [_thread_blocked, id=13328, stack(0x000000f08a600000,0x000000f08a700000) (1024K)]
  0x000002417f5637d0 JavaThread "Worker-20"                         [_thread_blocked, id=17460, stack(0x000000f087a00000,0x000000f087b00000) (1024K)]
  0x000002417f563140 JavaThread "ForkJoinPool.commonPool-worker-19" daemon [_thread_blocked, id=7256, stack(0x000000f089400000,0x000000f089500000) (1024K)]
Total: 37

Other Threads:
  0x0000024179c33f60 VMThread "VM Thread"                           [id=4484, stack(0x000000f087e00000,0x000000f087f00000) (1024K)]
  0x0000024179be4d10 WatcherThread "VM Periodic Task Thread"        [id=18344, stack(0x000000f087d00000,0x000000f087e00000) (1024K)]
  0x0000024179b97f40 WorkerThread "GC Thread#0"                     [id=7036, stack(0x000000f087c00000,0x000000f087d00000) (1024K)]
  0x000002417e5c28b0 WorkerThread "GC Thread#1"                     [id=14828, stack(0x000000f088900000,0x000000f088a00000) (1024K)]
  0x000002417e7884f0 WorkerThread "GC Thread#2"                     [id=15864, stack(0x000000f088a00000,0x000000f088b00000) (1024K)]
  0x000002417e7888a0 WorkerThread "GC Thread#3"                     [id=3184, stack(0x000000f088b00000,0x000000f088c00000) (1024K)]
Total: 6

Threads with active compile tasks:
C2 CompilerThread0  7002212 24681       4       org.eclipse.jdt.internal.compiler.parser.Parser::consumeRule (7843 bytes)
C1 CompilerThread0  7002212 24695   !   3       org.eclipse.jdt.ls.core.internal.contentassist.JavadocCompletionProposal::getProposals (581 bytes)
Total: 2

VM state: not at safepoint (normal execution)

VM Mutex/Monitor currently owned by a thread: None

OutOfMemory and StackOverflow Exception counts:
OutOfMemoryError java_heap_errors=2
LinkageErrors=160

Heap address: 0x0000000080000000, size: 2048 MB, Compressed Oops mode: 32-bit

CDS archive(s) mapped at: [0x0000024113000000-0x0000024113ba0000-0x0000024113ba0000), size 12189696, SharedBaseAddress: 0x0000024113000000, ArchiveRelocationMode: 1.
Compressed class space mapped at: 0x0000024114000000-0x0000024154000000, reserved size: 1073741824
Narrow klass base: 0x0000024113000000, Narrow klass shift: 0, Narrow klass range: 0x100000000

GC Precious Log:
 CardTable entry size: 512
 CPUs: 4 total, 4 available
 Memory: 3989M
 Large Page Support: Disabled
 NUMA Support: Disabled
 Compressed Oops: Enabled (32-bit)
 Alignments: Space 512K, Generation 512K, Heap 2M
 Heap Min Capacity: 100M
 Heap Initial Capacity: 100M
 Heap Max Capacity: 2G
 Pre-touch: Disabled
 Parallel Workers: 4

Heap:
 PSYoungGen      total 13824K, used 3242K [0x00000000d5580000, 0x00000000d7780000, 0x0000000100000000)
  eden space 11264K, 6% used [0x00000000d5580000,0x00000000d562c1c8,0x00000000d6080000)
  from space 2560K, 99% used [0x00000000d6900000,0x00000000d6b7e8b8,0x00000000d6b80000)
  to   space 8704K, 0% used [0x00000000d6080000,0x00000000d6080000,0x00000000d6900000)
 ParOldGen       total 1398272K, used 202125K [0x0000000080000000, 0x00000000d5580000, 0x00000000d5580000)
  object space 1398272K, 14% used [0x0000000080000000,0x000000008c5635c0,0x00000000d5580000)
 Metaspace       used 85789K, committed 87424K, reserved 1179648K
  class space    used 8655K, committed 9408K, reserved 1048576K

Card table byte_map: [0x0000024179540000,0x0000024179950000] _byte_map_base: 0x0000024179140000

Marking Bits: (ParMarkBitMap*) 0x00007ffea57644a0
 Begin Bits: [0x000002410f000000, 0x0000024111000000)
 End Bits:   [0x0000024111000000, 0x0000024113000000)

Polling page: 0x0000024177bf0000

Metaspace:

Usage:
  Non-class:     75.33 MB used.
      Class:      8.45 MB used.
       Both:     83.78 MB used.

Virtual space:
  Non-class space:      128.00 MB reserved,      76.19 MB ( 60%) committed,  2 nodes.
      Class space:        1.00 GB reserved,       9.19 MB ( <1%) committed,  1 nodes.
             Both:        1.12 GB reserved,      85.38 MB (  7%) committed. 

Chunk freelists:
   Non-Class:  3.51 MB
       Class:  6.69 MB
        Both:  10.20 MB

MaxMetaspaceSize: unlimited
CompressedClassSpaceSize: 1.00 GB
Initial GC threshold: 21.00 MB
Current GC threshold: 135.25 MB
CDS: on
 - commit_granule_bytes: 65536.
 - commit_granule_words: 8192.
 - virtual_space_node_default_size: 8388608.
 - enlarge_chunks_in_place: 1.
 - use_allocation_guard: 0.


Internal statistics:

num_allocs_failed_limit: 13.
num_arena_births: 2066.
num_arena_deaths: 662.
num_vsnodes_births: 3.
num_vsnodes_deaths: 0.
num_space_committed: 1366.
num_space_uncommitted: 0.
num_chunks_returned_to_freelist: 856.
num_chunks_taken_from_freelist: 6702.
num_chunk_merges: 200.
num_chunk_splits: 3608.
num_chunks_enlarged: 1901.
num_inconsistent_stats: 0.

CodeHeap 'non-profiled nmethods': size=120000Kb used=25865Kb max_used=25865Kb free=94134Kb
 bounds [0x0000024107ad0000, 0x0000024109420000, 0x000002410f000000]
CodeHeap 'profiled nmethods': size=120000Kb used=43624Kb max_used=43624Kb free=76375Kb
 bounds [0x0000024100000000, 0x0000024102aa0000, 0x0000024107530000]
CodeHeap 'non-nmethods': size=5760Kb used=1520Kb max_used=1595Kb free=4239Kb
 bounds [0x0000024107530000, 0x00000241077a0000, 0x0000024107ad0000]
CodeCache: size=245760Kb, used=71009Kb, max_used=71084Kb, free=174748Kb
 total_blobs=16226, nmethods=15389, adapters=739, full_count=0
Compilation: enabled, stopped_count=0, restarted_count=0

Compilation events (20 events):
Event: 7001.213 Thread 0x000002417d5dd1e0 nmethod 24675 0x0000024102a73390 code [0x0000024102a73620, 0x0000024102a74330]
Event: 7001.323 Thread 0x000002417d5683c0 24676       4       org.eclipse.jdt.internal.compiler.classfmt.MethodInfo::decodeMethodParameters (129 bytes)
Event: 7001.368 Thread 0x000002417d5683c0 nmethod 24676 0x000002410940c890 code [0x000002410940cb40, 0x000002410940dc30]
Event: 7001.368 Thread 0x000002417d5683c0 24677       4       org.eclipse.jdt.internal.core.ClassFileInfo::generateFieldInfos (134 bytes)
Event: 7001.405 Thread 0x000002417d5dd1e0 24679   !   3       org.eclipse.jdt.internal.core.ClassFile::getJarBinaryTypeInfo (323 bytes)
Event: 7001.434 Thread 0x000002417d5dd1e0 nmethod 24679 0x0000024102a74890 code [0x0000024102a75380, 0x0000024102a7c610]
Event: 7001.453 Thread 0x000002417d5683c0 nmethod 24677 0x000002410940e890 code [0x000002410940ec20, 0x0000024109410970]
Event: 7001.454 Thread 0x000002417d5683c0 24678  s    4       java.io.ByteArrayInputStream::available (10 bytes)
Event: 7001.455 Thread 0x000002417d5683c0 nmethod 24678 0x0000024109411e10 code [0x0000024109411fa0, 0x0000024109412170]
Event: 7001.554 Thread 0x000002417d5683c0 24680       4       org.eclipse.jdt.internal.compiler.lookup.ModuleBinding::getTopLevelPackage (7 bytes)
Event: 7001.555 Thread 0x000002417d5683c0 nmethod 24680 0x0000024109412210 code [0x00000241094123a0, 0x0000024109412458]
Event: 7001.563 Thread 0x000002417d5683c0 24681       4       org.eclipse.jdt.internal.compiler.parser.Parser::consumeRule (7843 bytes)
Event: 7001.621 Thread 0x000002417d5dd1e0 24682       3       org.eclipse.jdt.internal.compiler.lookup.FieldBinding::sourceField (70 bytes)
Event: 7001.622 Thread 0x000002417d5dd1e0 nmethod 24682 0x0000024102a7ef10 code [0x0000024102a7f100, 0x0000024102a7f5f0]
Event: 7001.663 Thread 0x000002417d5dd1e0 24684       3       org.eclipse.jdt.core.dom.rewrite.ImportRewrite::compareImport (173 bytes)
Event: 7001.667 Thread 0x000002417d5dd1e0 nmethod 24684 0x0000024102a7f790 code [0x0000024102a7fc60, 0x0000024102a82090]
Event: 7001.702 Thread 0x000002417d5dd1e0 24685   !   3       org.eclipse.jdt.core.dom.rewrite.ImportRewrite::findInImports (434 bytes)
Event: 7001.709 Thread 0x000002417d5dd1e0 nmethod 24685 0x0000024102a82e90 code [0x0000024102a833c0, 0x0000024102a85ea8]
Event: 7001.711 Thread 0x000002417d5dd1e0 24686       3       org.eclipse.jdt.core.Signature::getQualifier (26 bytes)
Event: 7001.711 Thread 0x000002417d5dd1e0 nmethod 24686 0x0000024102a87010 code [0x0000024102a87220, 0x0000024102a87620]

GC Heap History (20 events):
Event: 6981.600 GC heap before
{Heap before GC invocations=2291 (full 9):
 PSYoungGen      total 15872K, used 15840K [0x00000000d5580000, 0x00000000d6900000, 0x0000000100000000)
  eden space 14336K, 100% used [0x00000000d5580000,0x00000000d6380000,0x00000000d6380000)
  from space 1536K, 97% used [0x00000000d6380000,0x00000000d64f8000,0x00000000d6500000)
  to   space 2560K, 0% used [0x00000000d6680000,0x00000000d6680000,0x00000000d6900000)
 ParOldGen       total 1398272K, used 196472K [0x0000000080000000, 0x00000000d5580000, 0x00000000d5580000)
  object space 1398272K, 14% used [0x0000000080000000,0x000000008bfde0a0,0x00000000d5580000)
 Metaspace       used 85713K, committed 87360K, reserved 1179648K
  class space    used 8645K, committed 9408K, reserved 1048576K
}
Event: 6981.603 GC heap after
{Heap after GC invocations=2291 (full 9):
 PSYoungGen      total 17408K, used 2256K [0x00000000d5580000, 0x00000000d6900000, 0x0000000100000000)
  eden space 14848K, 0% used [0x00000000d5580000,0x00000000d5580000,0x00000000d6400000)
  from space 2560K, 88% used [0x00000000d6680000,0x00000000d68b4010,0x00000000d6900000)
  to   space 2560K, 0% used [0x00000000d6400000,0x00000000d6400000,0x00000000d6680000)
 ParOldGen       total 1398272K, used 196472K [0x0000000080000000, 0x00000000d5580000, 0x00000000d5580000)
  object space 1398272K, 14% used [0x0000000080000000,0x000000008bfde0a0,0x00000000d5580000)
 Metaspace       used 85713K, committed 87360K, reserved 1179648K
  class space    used 8645K, committed 9408K, reserved 1048576K
}
Event: 6983.455 GC heap before
{Heap before GC invocations=2292 (full 9):
 PSYoungGen      total 17408K, used 17104K [0x00000000d5580000, 0x00000000d6900000, 0x0000000100000000)
  eden space 14848K, 100% used [0x00000000d5580000,0x00000000d6400000,0x00000000d6400000)
  from space 2560K, 88% used [0x00000000d6680000,0x00000000d68b4010,0x00000000d6900000)
  to   space 2560K, 0% used [0x00000000d6400000,0x00000000d6400000,0x00000000d6680000)
 ParOldGen       total 1398272K, used 196472K [0x0000000080000000, 0x00000000d5580000, 0x00000000d5580000)
  object space 1398272K, 14% used [0x0000000080000000,0x000000008bfde0a0,0x00000000d5580000)
 Metaspace       used 85719K, committed 87424K, reserved 1179648K
  class space    used 8645K, committed 9408K, reserved 1048576K
}
Event: 6983.458 GC heap after
{Heap after GC invocations=2292 (full 9):
 PSYoungGen      total 17408K, used 1376K [0x00000000d5580000, 0x00000000d6880000, 0x0000000100000000)
  eden space 14848K, 0% used [0x00000000d5580000,0x00000000d5580000,0x00000000d6400000)
  from space 2560K, 53% used [0x00000000d6400000,0x00000000d6558000,0x00000000d6680000)
  to   space 2048K, 0% used [0x00000000d6680000,0x00000000d6680000,0x00000000d6880000)
 ParOldGen       total 1398272K, used 196528K [0x0000000080000000, 0x00000000d5580000, 0x00000000d5580000)
  object space 1398272K, 14% used [0x0000000080000000,0x000000008bfec0a0,0x00000000d5580000)
 Metaspace       used 85719K, committed 87424K, reserved 1179648K
  class space    used 8645K, committed 9408K, reserved 1048576K
}
Event: 6985.417 GC heap before
{Heap before GC invocations=2293 (full 9):
 PSYoungGen      total 17408K, used 16224K [0x00000000d5580000, 0x00000000d6880000, 0x0000000100000000)
  eden space 14848K, 100% used [0x00000000d5580000,0x00000000d6400000,0x00000000d6400000)
  from space 2560K, 53% used [0x00000000d6400000,0x00000000d6558000,0x00000000d6680000)
  to   space 2048K, 0% used [0x00000000d6680000,0x00000000d6680000,0x00000000d6880000)
 ParOldGen       total 1398272K, used 196528K [0x0000000080000000, 0x00000000d5580000, 0x00000000d5580000)
  object space 1398272K, 14% used [0x0000000080000000,0x000000008bfec0a0,0x00000000d5580000)
 Metaspace       used 85720K, committed 87424K, reserved 1179648K
  class space    used 8645K, committed 9408K, reserved 1048576K
}
Event: 6985.421 GC heap after
{Heap after GC invocations=2293 (full 9):
 PSYoungGen      total 17408K, used 1808K [0x00000000d5580000, 0x00000000d6880000, 0x0000000100000000)
  eden space 15360K, 0% used [0x00000000d5580000,0x00000000d5580000,0x00000000d6480000)
  from space 2048K, 88% used [0x00000000d6680000,0x00000000d6844010,0x00000000d6880000)
  to   space 2048K, 0% used [0x00000000d6480000,0x00000000d6480000,0x00000000d6680000)
 ParOldGen       total 1398272K, used 196536K [0x0000000080000000, 0x00000000d5580000, 0x00000000d5580000)
  object space 1398272K, 14% used [0x0000000080000000,0x000000008bfee0a0,0x00000000d5580000)
 Metaspace       used 85720K, committed 87424K, reserved 1179648K
  class space    used 8645K, committed 9408K, reserved 1048576K
}
Event: 6988.714 GC heap before
{Heap before GC invocations=2294 (full 9):
 PSYoungGen      total 17408K, used 17168K [0x00000000d5580000, 0x00000000d6880000, 0x0000000100000000)
  eden space 15360K, 100% used [0x00000000d5580000,0x00000000d6480000,0x00000000d6480000)
  from space 2048K, 88% used [0x00000000d6680000,0x00000000d6844010,0x00000000d6880000)
  to   space 2048K, 0% used [0x00000000d6480000,0x00000000d6480000,0x00000000d6680000)
 ParOldGen       total 1398272K, used 196536K [0x0000000080000000, 0x00000000d5580000, 0x00000000d5580000)
  object space 1398272K, 14% used [0x0000000080000000,0x000000008bfee0a0,0x00000000d5580000)
 Metaspace       used 85720K, committed 87424K, reserved 1179648K
  class space    used 8645K, committed 9408K, reserved 1048576K
}
Event: 6988.716 GC heap after
{Heap after GC invocations=2294 (full 9):
 PSYoungGen      total 17408K, used 1648K [0x00000000d5580000, 0x00000000d6900000, 0x0000000100000000)
  eden space 15360K, 0% used [0x00000000d5580000,0x00000000d5580000,0x00000000d6480000)
  from space 2048K, 80% used [0x00000000d6480000,0x00000000d661c010,0x00000000d6680000)
  to   space 2048K, 0% used [0x00000000d6700000,0x00000000d6700000,0x00000000d6900000)
 ParOldGen       total 1398272K, used 196544K [0x0000000080000000, 0x00000000d5580000, 0x00000000d5580000)
  object space 1398272K, 14% used [0x0000000080000000,0x000000008bff00a0,0x00000000d5580000)
 Metaspace       used 85720K, committed 87424K, reserved 1179648K
  class space    used 8645K, committed 9408K, reserved 1048576K
}
Event: 6992.894 GC heap before
{Heap before GC invocations=2295 (full 9):
 PSYoungGen      total 17408K, used 17008K [0x00000000d5580000, 0x00000000d6900000, 0x0000000100000000)
  eden space 15360K, 100% used [0x00000000d5580000,0x00000000d6480000,0x00000000d6480000)
  from space 2048K, 80% used [0x00000000d6480000,0x00000000d661c010,0x00000000d6680000)
  to   space 2048K, 0% used [0x00000000d6700000,0x00000000d6700000,0x00000000d6900000)
 ParOldGen       total 1398272K, used 196544K [0x0000000080000000, 0x00000000d5580000, 0x00000000d5580000)
  object space 1398272K, 14% used [0x0000000080000000,0x000000008bff00a0,0x00000000d5580000)
 Metaspace       used 85720K, committed 87424K, reserved 1179648K
  class space    used 8645K, committed 9408K, reserved 1048576K
}
Event: 6992.907 GC heap after
{Heap after GC invocations=2295 (full 9):
 PSYoungGen      total 17920K, used 1536K [0x00000000d5580000, 0x00000000d6900000, 0x0000000100000000)
  eden space 15872K, 0% used [0x00000000d5580000,0x00000000d5580000,0x00000000d6500000)
  from space 2048K, 75% used [0x00000000d6700000,0x00000000d6880000,0x00000000d6900000)
  to   space 2048K, 0% used [0x00000000d6500000,0x00000000d6500000,0x00000000d6700000)
 ParOldGen       total 1398272K, used 196560K [0x0000000080000000, 0x00000000d5580000, 0x00000000d5580000)
  object space 1398272K, 14% used [0x0000000080000000,0x000000008bff40a0,0x00000000d5580000)
 Metaspace       used 85720K, committed 87424K, reserved 1179648K
  class space    used 8645K, committed 9408K, reserved 1048576K
}
Event: 6994.485 GC heap before
{Heap before GC invocations=2296 (full 9):
 PSYoungGen      total 17920K, used 17408K [0x00000000d5580000, 0x00000000d6900000, 0x0000000100000000)
  eden space 15872K, 100% used [0x00000000d5580000,0x00000000d6500000,0x00000000d6500000)
  from space 2048K, 75% used [0x00000000d6700000,0x00000000d6880000,0x00000000d6900000)
  to   space 2048K, 0% used [0x00000000d6500000,0x00000000d6500000,0x00000000d6700000)
 ParOldGen       total 1398272K, used 196560K [0x0000000080000000, 0x00000000d5580000, 0x00000000d5580000)
  object space 1398272K, 14% used [0x0000000080000000,0x000000008bff40a0,0x00000000d5580000)
 Metaspace       used 85722K, committed 87424K, reserved 1179648K
  class space    used 8645K, committed 9408K, reserved 1048576K
}
Event: 6994.490 GC heap after
{Heap after GC invocations=2296 (full 9):
 PSYoungGen      total 17920K, used 1808K [0x00000000d5580000, 0x00000000d6980000, 0x0000000100000000)
  eden space 15872K, 0% used [0x00000000d5580000,0x00000000d5580000,0x00000000d6500000)
  from space 2048K, 88% used [0x00000000d6500000,0x00000000d66c4010,0x00000000d6700000)
  to   space 2048K, 0% used [0x00000000d6780000,0x00000000d6780000,0x00000000d6980000)
 ParOldGen       total 1398272K, used 196573K [0x0000000080000000, 0x00000000d5580000, 0x00000000d5580000)
  object space 1398272K, 14% used [0x0000000080000000,0x000000008bff7438,0x00000000d5580000)
 Metaspace       used 85722K, committed 87424K, reserved 1179648K
  class space    used 8645K, committed 9408K, reserved 1048576K
}
Event: 6996.469 GC heap before
{Heap before GC invocations=2297 (full 9):
 PSYoungGen      total 17920K, used 17680K [0x00000000d5580000, 0x00000000d6980000, 0x0000000100000000)
  eden space 15872K, 100% used [0x00000000d5580000,0x00000000d6500000,0x00000000d6500000)
  from space 2048K, 88% used [0x00000000d6500000,0x00000000d66c4010,0x00000000d6700000)
  to   space 2048K, 0% used [0x00000000d6780000,0x00000000d6780000,0x00000000d6980000)
 ParOldGen       total 1398272K, used 196573K [0x0000000080000000, 0x00000000d5580000, 0x00000000d5580000)
  object space 1398272K, 14% used [0x0000000080000000,0x000000008bff7438,0x00000000d5580000)
 Metaspace       used 85723K, committed 87424K, reserved 1179648K
  class space    used 8645K, committed 9408K, reserved 1048576K
}
Event: 6996.473 GC heap after
{Heap after GC invocations=2297 (full 9):
 PSYoungGen      total 17920K, used 1360K [0x00000000d5580000, 0x00000000d6900000, 0x0000000100000000)
  eden space 16384K, 0% used [0x00000000d5580000,0x00000000d5580000,0x00000000d6580000)
  from space 1536K, 88% used [0x00000000d6780000,0x00000000d68d4010,0x00000000d6900000)
  to   space 1536K, 0% used [0x00000000d6600000,0x00000000d6600000,0x00000000d6780000)
 ParOldGen       total 1398272K, used 196573K [0x0000000080000000, 0x00000000d5580000, 0x00000000d5580000)
  object space 1398272K, 14% used [0x0000000080000000,0x000000008bff7438,0x00000000d5580000)
 Metaspace       used 85723K, committed 87424K, reserved 1179648K
  class space    used 8645K, committed 9408K, reserved 1048576K
}
Event: 6998.299 GC heap before
{Heap before GC invocations=2298 (full 9):
 PSYoungGen      total 17920K, used 17744K [0x00000000d5580000, 0x00000000d6900000, 0x0000000100000000)
  eden space 16384K, 100% used [0x00000000d5580000,0x00000000d6580000,0x00000000d6580000)
  from space 1536K, 88% used [0x00000000d6780000,0x00000000d68d4010,0x00000000d6900000)
  to   space 1536K, 0% used [0x00000000d6600000,0x00000000d6600000,0x00000000d6780000)
 ParOldGen       total 1398272K, used 196573K [0x0000000080000000, 0x00000000d5580000, 0x00000000d5580000)
  object space 1398272K, 14% used [0x0000000080000000,0x000000008bff7438,0x00000000d5580000)
 Metaspace       used 85723K, committed 87424K, reserved 1179648K
  class space    used 8645K, committed 9408K, reserved 1048576K
}
Event: 6998.303 GC heap after
{Heap after GC invocations=2298 (full 9):
 PSYoungGen      total 18432K, used 1536K [0x00000000d5580000, 0x00000000d6a00000, 0x0000000100000000)
  eden space 16896K, 0% used [0x00000000d5580000,0x00000000d5580000,0x00000000d6600000)
  from space 1536K, 100% used [0x00000000d6600000,0x00000000d6780000,0x00000000d6780000)
  to   space 2048K, 0% used [0x00000000d6800000,0x00000000d6800000,0x00000000d6a00000)
 ParOldGen       total 1398272K, used 196681K [0x0000000080000000, 0x00000000d5580000, 0x00000000d5580000)
  object space 1398272K, 14% used [0x0000000080000000,0x000000008c0126d8,0x00000000d5580000)
 Metaspace       used 85723K, committed 87424K, reserved 1179648K
  class space    used 8645K, committed 9408K, reserved 1048576K
}
Event: 6999.672 GC heap before
{Heap before GC invocations=2299 (full 9):
 PSYoungGen      total 18432K, used 18432K [0x00000000d5580000, 0x00000000d6a00000, 0x0000000100000000)
  eden space 16896K, 100% used [0x00000000d5580000,0x00000000d6600000,0x00000000d6600000)
  from space 1536K, 100% used [0x00000000d6600000,0x00000000d6780000,0x00000000d6780000)
  to   space 2048K, 0% used [0x00000000d6800000,0x00000000d6800000,0x00000000d6a00000)
 ParOldGen       total 1398272K, used 196681K [0x0000000080000000, 0x00000000d5580000, 0x00000000d5580000)
  object space 1398272K, 14% used [0x0000000080000000,0x000000008c0126d8,0x00000000d5580000)
 Metaspace       used 85763K, committed 87424K, reserved 1179648K
  class space    used 8645K, committed 9408K, reserved 1048576K
}
Event: 6999.680 GC heap after
{Heap after GC invocations=2299 (full 9):
 PSYoungGen      total 18944K, used 1792K [0x00000000d5580000, 0x00000000d6a80000, 0x0000000100000000)
  eden space 16896K, 0% used [0x00000000d5580000,0x00000000d5580000,0x00000000d6600000)
  from space 2048K, 87% used [0x00000000d6800000,0x00000000d69c0000,0x00000000d6a00000)
  to   space 2048K, 0% used [0x00000000d6600000,0x00000000d6600000,0x00000000d6800000)
 ParOldGen       total 1398272K, used 197097K [0x0000000080000000, 0x00000000d5580000, 0x00000000d5580000)
  object space 1398272K, 14% used [0x0000000080000000,0x000000008c07a6d8,0x00000000d5580000)
 Metaspace       used 85763K, committed 87424K, reserved 1179648K
  class space    used 8645K, committed 9408K, reserved 1048576K
}
Event: 7001.015 GC heap before
{Heap before GC invocations=2300 (full 9):
 PSYoungGen      total 18944K, used 18688K [0x00000000d5580000, 0x00000000d6a80000, 0x0000000100000000)
  eden space 16896K, 100% used [0x00000000d5580000,0x00000000d6600000,0x00000000d6600000)
  from space 2048K, 87% used [0x00000000d6800000,0x00000000d69c0000,0x00000000d6a00000)
  to   space 2048K, 0% used [0x00000000d6600000,0x00000000d6600000,0x00000000d6800000)
 ParOldGen       total 1398272K, used 197097K [0x0000000080000000, 0x00000000d5580000, 0x00000000d5580000)
  object space 1398272K, 14% used [0x0000000080000000,0x000000008c07a6d8,0x00000000d5580000)
 Metaspace       used 85786K, committed 87424K, reserved 1179648K
  class space    used 8655K, committed 9408K, reserved 1048576K
}
Event: 7001.022 GC heap after
{Heap after GC invocations=2300 (full 9):
 PSYoungGen      total 18944K, used 2032K [0x00000000d5580000, 0x00000000d6b80000, 0x0000000100000000)
  eden space 16896K, 0% used [0x00000000d5580000,0x00000000d5580000,0x00000000d6600000)
  from space 2048K, 99% used [0x00000000d6600000,0x00000000d67fc010,0x00000000d6800000)
  to   space 2560K, 0% used [0x00000000d6900000,0x00000000d6900000,0x00000000d6b80000)
 ParOldGen       total 1398272K, used 197169K [0x0000000080000000, 0x00000000d5580000, 0x00000000d5580000)
  object space 1398272K, 14% used [0x0000000080000000,0x000000008c08c6d8,0x00000000d5580000)
 Metaspace       used 85786K, committed 87424K, reserved 1179648K
  class space    used 8655K, committed 9408K, reserved 1048576K
}

Dll operation events (20 events):
Event: 0.434 Attempting to load shared library C:\Users\Andres\.vscode\extensions\redhat.java-1.56.0-win32-x64\jre\21.0.12.1-win32-x86_64\bin\instrument.dll
Event: 0.434 Loaded shared library C:\Users\Andres\.vscode\extensions\redhat.java-1.56.0-win32-x64\jre\21.0.12.1-win32-x86_64\bin\instrument.dll
Event: 0.441 Attempting to load shared library C:\Users\Andres\.vscode\extensions\redhat.java-1.56.0-win32-x64\jre\21.0.12.1-win32-x86_64\bin\net.dll
Event: 0.442 Loaded shared library C:\Users\Andres\.vscode\extensions\redhat.java-1.56.0-win32-x64\jre\21.0.12.1-win32-x86_64\bin\net.dll
Event: 0.444 Attempting to load shared library C:\Users\Andres\.vscode\extensions\redhat.java-1.56.0-win32-x64\jre\21.0.12.1-win32-x86_64\bin\nio.dll
Event: 0.445 Loaded shared library C:\Users\Andres\.vscode\extensions\redhat.java-1.56.0-win32-x64\jre\21.0.12.1-win32-x86_64\bin\nio.dll
Event: 0.451 Attempting to load shared library C:\Users\Andres\.vscode\extensions\redhat.java-1.56.0-win32-x64\jre\21.0.12.1-win32-x86_64\bin\zip.dll
Event: 0.451 Loaded shared library C:\Users\Andres\.vscode\extensions\redhat.java-1.56.0-win32-x64\jre\21.0.12.1-win32-x86_64\bin\zip.dll
Event: 0.530 Attempting to load shared library C:\Users\Andres\.vscode\extensions\redhat.java-1.56.0-win32-x64\jre\21.0.12.1-win32-x86_64\bin\jimage.dll
Event: 0.530 Loaded shared library C:\Users\Andres\.vscode\extensions\redhat.java-1.56.0-win32-x64\jre\21.0.12.1-win32-x86_64\bin\jimage.dll
Event: 0.875 Attempting to load shared library c:\Users\Andres\.vscode\extensions\redhat.java-1.56.0-win32-x64\jre\21.0.12.1-win32-x86_64\bin\verify.dll
Event: 0.879 Loaded shared library c:\Users\Andres\.vscode\extensions\redhat.java-1.56.0-win32-x64\jre\21.0.12.1-win32-x86_64\bin\verify.dll
Event: 22.914 Attempting to load shared library C:\Users\Andres\AppData\Roaming\Code\User\globalStorage\redhat.java\1.56.0\config_win\org.eclipse.equinox.launcher\org.eclipse.equinox.launcher.win32.win32.x86_64_1.3.100.v20260804-1928\eclipse_11924.dll
Event: 24.042 Loaded shared library C:\Users\Andres\AppData\Roaming\Code\User\globalStorage\redhat.java\1.56.0\config_win\org.eclipse.equinox.launcher\org.eclipse.equinox.launcher.win32.win32.x86_64_1.3.100.v20260804-1928\eclipse_11924.dll
Event: 47.128 Attempting to load shared library C:\Users\Andres\AppData\Local\Temp\jna-1965574025\jna99373582159602970.dll
Event: 47.226 Loaded shared library C:\Users\Andres\AppData\Local\Temp\jna-1965574025\jna99373582159602970.dll
Event: 53.136 Attempting to load shared library C:\Users\Andres\.vscode\extensions\redhat.java-1.56.0-win32-x64\jre\21.0.12.1-win32-x86_64\bin\sunmscapi.dll
Event: 54.357 Loaded shared library C:\Users\Andres\.vscode\extensions\redhat.java-1.56.0-win32-x64\jre\21.0.12.1-win32-x86_64\bin\sunmscapi.dll
Event: 56.428 Attempting to load shared library C:\Users\Andres\.vscode\extensions\redhat.java-1.56.0-win32-x64\jre\21.0.12.1-win32-x86_64\bin\extnet.dll
Event: 56.428 Loaded shared library C:\Users\Andres\.vscode\extensions\redhat.java-1.56.0-win32-x64\jre\21.0.12.1-win32-x86_64\bin\extnet.dll

Deoptimization events (20 events):
Event: 7001.512 Thread 0x0000024158cdfc00 Uncommon trap: trap_request=0xffffff45 fr.pc=0x00000241086f5efc relative=0x000000000000013c
Event: 7001.512 Thread 0x0000024158cdfc00 Uncommon trap: reason=unstable_if action=reinterpret pc=0x00000241086f5efc method=org.eclipse.jdt.internal.compiler.lookup.PackageBinding.addPackage(Lorg/eclipse/jdt/internal/compiler/lookup/PackageBinding;Lorg/eclipse/jdt/internal/compiler/lookup/ModuleB
Event: 7001.512 Thread 0x0000024158cdfc00 DEOPT PACKING pc=0x00000241086f5efc sp=0x000000f08a4fd970
Event: 7001.512 Thread 0x0000024158cdfc00 DEOPT UNPACKING pc=0x0000024107583aa2 sp=0x000000f08a4fd8a0 mode 2
Event: 7001.513 Thread 0x0000024158cdfc00 Uncommon trap: trap_request=0xffffff45 fr.pc=0x0000024108a920ac relative=0x00000000000001ac
Event: 7001.518 Thread 0x0000024158cdfc00 Uncommon trap: reason=unstable_if action=reinterpret pc=0x0000024108a920ac method=org.eclipse.jdt.core.dom.rewrite.ImportRewrite.compareImport(CLjava/lang/String;Ljava/lang/String;Ljava/lang/String;Ljava/util/Map;)I @ 93 c2
Event: 7001.519 Thread 0x0000024158cdfc00 DEOPT PACKING pc=0x0000024108a920ac sp=0x000000f08a4fe000
Event: 7001.519 Thread 0x0000024158cdfc00 DEOPT UNPACKING pc=0x0000024107583aa2 sp=0x000000f08a4fdf00 mode 2
Event: 7001.519 Thread 0x0000024158cdfc00 Uncommon trap: trap_request=0xffffff45 fr.pc=0x0000024108fabeac relative=0x0000000000002c0c
Event: 7001.519 Thread 0x0000024158cdfc00 Uncommon trap: reason=unstable_if action=reinterpret pc=0x0000024108fabeac method=org.eclipse.jdt.core.dom.rewrite.ImportRewrite.internalAddImport(Ljava/lang/String;Lorg/eclipse/jdt/core/dom/rewrite/ImportRewrite$ImportRewriteContext;Z)Ljava/lang/String; 
Event: 7001.524 Thread 0x0000024158cdfc00 DEOPT PACKING pc=0x0000024108fabeac sp=0x000000f08a4fe0a0
Event: 7001.524 Thread 0x0000024158cdfc00 DEOPT UNPACKING pc=0x0000024107583aa2 sp=0x000000f08a4fded8 mode 2
Event: 7001.650 Thread 0x0000024158cdfc00 Uncommon trap: trap_request=0xffffff45 fr.pc=0x0000024108453f30 relative=0x0000000000000570
Event: 7001.651 Thread 0x0000024158cdfc00 Uncommon trap: reason=unstable_if action=reinterpret pc=0x0000024108453f30 method=org.eclipse.jdt.ls.core.internal.contentassist.CompletionProposalReplacementProvider.updateReplacement(Lorg/eclipse/jdt/core/CompletionProposal;Lorg/eclipse/lsp4j/Completion
Event: 7001.651 Thread 0x0000024158cdfc00 DEOPT PACKING pc=0x0000024108453f30 sp=0x000000f08a4fe290
Event: 7001.651 Thread 0x0000024158cdfc00 DEOPT UNPACKING pc=0x0000024107583aa2 sp=0x000000f08a4fe260 mode 2
Event: 7001.658 Thread 0x0000024158cdfc00 Uncommon trap: trap_request=0xffffff45 fr.pc=0x00000241082f1340 relative=0x00000000000001c0
Event: 7001.658 Thread 0x0000024158cdfc00 Uncommon trap: reason=unstable_if action=reinterpret pc=0x00000241082f1340 method=org.eclipse.jdt.core.dom.rewrite.ImportRewrite.compareImport(CLjava/lang/String;Ljava/lang/String;Ljava/lang/String;Ljava/util/Map;)I @ 93 c2
Event: 7001.658 Thread 0x0000024158cdfc00 DEOPT PACKING pc=0x00000241082f1340 sp=0x000000f08a4fdac0
Event: 7001.658 Thread 0x0000024158cdfc00 DEOPT UNPACKING pc=0x0000024107583aa2 sp=0x000000f08a4fda88 mode 2

Classes loaded (20 events):
Event: 2889.584 Loading class java/io/ObjectOutputStream$BlockDataOutputStream
Event: 2889.588 Loading class java/io/ObjectOutputStream$BlockDataOutputStream done
Event: 2889.588 Loading class java/io/ObjectOutputStream$HandleTable
Event: 2889.588 Loading class java/io/ObjectOutputStream$HandleTable done
Event: 2889.588 Loading class java/io/ObjectOutputStream$ReplaceTable
Event: 2889.590 Loading class java/io/ObjectOutputStream$ReplaceTable done
Event: 2993.028 Loading class java/lang/StackStreamFactory$CallerClassFinder
Event: 2993.081 Loading class java/lang/StackStreamFactory$CallerClassFinder done
Event: 2993.081 Loading class java/lang/StackStreamFactory$CallerClassFinder$ClassBuffer
Event: 2993.081 Loading class java/lang/StackStreamFactory$CallerClassFinder$ClassBuffer done
Event: 3065.900 Loading class java/util/function/IntPredicate
Event: 3065.900 Loading class java/util/function/IntPredicate done
Event: 3065.942 Loading class java/util/regex/Pattern$Bound
Event: 3065.942 Loading class java/util/regex/Pattern$Bound done
Event: 3156.148 Loading class java/nio/channels/CompletionHandler
Event: 3156.152 Loading class java/nio/channels/CompletionHandler done
Event: 3164.796 Loading class java/lang/invoke/MethodHandleImpl$CountingWrapper$1
Event: 3164.798 Loading class java/lang/invoke/MethodHandleImpl$CountingWrapper$1 done
Event: 6383.889 Loading class java/util/Collections$EmptyListIterator
Event: 6383.915 Loading class java/util/Collections$EmptyListIterator done

Classes unloaded (20 events):
Event: 6369.654 Thread 0x0000024179c33f60 Unloading class 0x00000241148c2400 'java/lang/invoke/LambdaForm$MH+0x00000241148c2400'
Event: 6369.654 Thread 0x0000024179c33f60 Unloading class 0x00000241148c2000 'java/lang/invoke/LambdaForm$MH+0x00000241148c2000'
Event: 6369.654 Thread 0x0000024179c33f60 Unloading class 0x00000241148c1c00 'java/lang/invoke/LambdaForm$MH+0x00000241148c1c00'
Event: 6369.654 Thread 0x0000024179c33f60 Unloading class 0x00000241148c1400 'java/lang/invoke/LambdaForm$MH+0x00000241148c1400'
Event: 6369.654 Thread 0x0000024179c33f60 Unloading class 0x00000241148c1000 'java/lang/invoke/LambdaForm$MH+0x00000241148c1000'
Event: 6369.654 Thread 0x0000024179c33f60 Unloading class 0x00000241140b4c00 'java/lang/invoke/LambdaForm$MH+0x00000241140b4c00'
Event: 6369.654 Thread 0x0000024179c33f60 Unloading class 0x0000024114189c00 'java/lang/invoke/LambdaForm$MH+0x0000024114189c00'
Event: 6369.654 Thread 0x0000024179c33f60 Unloading class 0x0000024114000400 'java/lang/invoke/LambdaForm$MH+0x0000024114000400'
Event: 6369.654 Thread 0x0000024179c33f60 Unloading class 0x0000024114014800 'java/lang/invoke/LambdaForm$MH+0x0000024114014800'
Event: 6369.654 Thread 0x0000024179c33f60 Unloading class 0x0000024114017400 'java/lang/invoke/LambdaForm$MH+0x0000024114017400'
Event: 6369.654 Thread 0x0000024179c33f60 Unloading class 0x0000024114019400 'java/lang/invoke/LambdaForm$MH+0x0000024114019400'
Event: 6369.655 Thread 0x0000024179c33f60 Unloading class 0x00000241142a5000 'java/lang/invoke/LambdaForm$MH+0x00000241142a5000'
Event: 6369.657 Thread 0x0000024179c33f60 Unloading class 0x0000024114595000 'java/lang/invoke/LambdaForm$MH+0x0000024114595000'
Event: 6369.657 Thread 0x0000024179c33f60 Unloading class 0x00000241146f8000 'java/lang/invoke/LambdaForm$MH+0x00000241146f8000'
Event: 6369.657 Thread 0x0000024179c33f60 Unloading class 0x0000024114740000 'java/lang/invoke/LambdaForm$MH+0x0000024114740000'
Event: 6369.657 Thread 0x0000024179c33f60 Unloading class 0x0000024114740800 'java/lang/invoke/LambdaForm$MH+0x0000024114740800'
Event: 6369.657 Thread 0x0000024179c33f60 Unloading class 0x0000024114741400 'java/lang/invoke/LambdaForm$MH+0x0000024114741400'
Event: 6369.657 Thread 0x0000024179c33f60 Unloading class 0x0000024114755800 'java/lang/invoke/LambdaForm$MH+0x0000024114755800'
Event: 6369.657 Thread 0x0000024179c33f60 Unloading class 0x00000241147c0000 'java/lang/invoke/LambdaForm$MH+0x00000241147c0000'
Event: 6369.657 Thread 0x0000024179c33f60 Unloading class 0x0000024114082400 'java/lang/invoke/LambdaForm$BMH+0x0000024114082400'

Classes redefined (0 events):
No events

Internal exceptions (20 events):
Event: 6711.577 Thread 0x000002415822d6f0 Exception <a 'java/io/FileNotFoundException'{0x00000000d558d980}> (0x00000000d558d980) 
thrown [s\src\hotspot\share\prims\jni.cpp, line 520]
Event: 6712.782 Thread 0x00000241582304e0 Exception <a 'java/io/FileNotFoundException'{0x00000000d5ade358}> (0x00000000d5ade358) 
thrown [s\src\hotspot\share\prims\jni.cpp, line 520]
Event: 6716.013 Thread 0x0000024158cdfc00 Implicit null exception at 0x00000241080157c6 to 0x0000024108015840
Event: 6717.014 Thread 0x0000024158cdfc00 Implicit null exception at 0x0000024107df11eb to 0x0000024107df13b8
Event: 6718.250 Thread 0x000002415822d6f0 Exception <a 'java/io/FileNotFoundException'{0x00000000d584a310}> (0x00000000d584a310) 
thrown [s\src\hotspot\share\prims\jni.cpp, line 520]
Event: 6750.431 Thread 0x0000024158cdba60 Exception <a 'java/io/FileNotFoundException'{0x00000000d5c3f250}> (0x00000000d5c3f250) 
thrown [s\src\hotspot\share\prims\jni.cpp, line 520]
Event: 6752.069 Thread 0x000002415822d6f0 Exception <a 'java/io/FileNotFoundException'{0x00000000d56c2880}> (0x00000000d56c2880) 
thrown [s\src\hotspot\share\prims\jni.cpp, line 520]
Event: 6793.703 Thread 0x000002415822d6f0 Exception <a 'java/io/FileNotFoundException'{0x00000000d56d9138}> (0x00000000d56d9138) 
thrown [s\src\hotspot\share\prims\jni.cpp, line 520]
Event: 6812.149 Thread 0x00000241582304e0 Exception <a 'java/io/FileNotFoundException'{0x00000000d57dd9d0}> (0x00000000d57dd9d0) 
thrown [s\src\hotspot\share\prims\jni.cpp, line 520]
Event: 6829.308 Thread 0x00000241582304e0 Exception <a 'java/io/FileNotFoundException'{0x00000000d5585138}> (0x00000000d5585138) 
thrown [s\src\hotspot\share\prims\jni.cpp, line 520]
Event: 6848.882 Thread 0x000002415822d6f0 Exception <a 'java/io/FileNotFoundException'{0x00000000d5dc1eb0}> (0x00000000d5dc1eb0) 
thrown [s\src\hotspot\share\prims\jni.cpp, line 520]
Event: 6913.350 Thread 0x000002415822d6f0 Exception <a 'java/io/FileNotFoundException'{0x00000000d5e04e38}> (0x00000000d5e04e38) 
thrown [s\src\hotspot\share\prims\jni.cpp, line 520]
Event: 6948.338 Thread 0x000002415822d6f0 Exception <a 'java/io/FileNotFoundException'{0x00000000d62a3398}> (0x00000000d62a3398) 
thrown [s\src\hotspot\share\prims\jni.cpp, line 520]
Event: 6950.155 Thread 0x00000241582304e0 Exception <a 'java/io/FileNotFoundException'{0x00000000d615bed0}> (0x00000000d615bed0) 
thrown [s\src\hotspot\share\prims\jni.cpp, line 520]
Event: 6950.742 Thread 0x000002415822d6f0 Exception <a 'java/io/FileNotFoundException'{0x00000000d5700248}> (0x00000000d5700248) 
thrown [s\src\hotspot\share\prims\jni.cpp, line 520]
Event: 6981.258 Thread 0x000002415822d6f0 Exception <a 'java/io/FileNotFoundException'{0x00000000d5c5d9b0}> (0x00000000d5c5d9b0) 
thrown [s\src\hotspot\share\prims\jni.cpp, line 520]
Event: 6990.800 Thread 0x000002415822d6f0 Exception <a 'java/io/FileNotFoundException'{0x00000000d5d7d3e0}> (0x00000000d5d7d3e0) 
thrown [s\src\hotspot\share\prims\jni.cpp, line 520]
Event: 6999.650 Thread 0x00000241582304e0 Exception <a 'java/io/FileNotFoundException'{0x00000000d60a3ad0}> (0x00000000d60a3ad0) 
thrown [s\src\hotspot\share\prims\jni.cpp, line 520]
Event: 7000.403 Thread 0x000002415822d6f0 Exception <a 'java/io/FileNotFoundException'{0x00000000d5b96350}> (0x00000000d5b96350) 
thrown [s\src\hotspot\share\prims\jni.cpp, line 520]
Event: 7000.717 Thread 0x0000024158cdfc00 Implicit null exception at 0x000002410915a0e4 to 0x000002410915a3cc

ZGC Phase Switch (0 events):
No events

VM Operations (20 events):
Event: 6987.434 Executing safepoint VM operation: Cleanup
Event: 6987.434 Executing safepoint VM operation: Cleanup done
Event: 6988.714 Executing safepoint VM operation: ParallelGCFailedAllocation (Allocation Failure)
Event: 6988.716 Executing safepoint VM operation: ParallelGCFailedAllocation (Allocation Failure) done
Event: 6991.104 Executing safepoint VM operation: ParallelGCFailedAllocation (Allocation Failure)
Event: 6992.907 Executing safepoint VM operation: ParallelGCFailedAllocation (Allocation Failure) done
Event: 6994.485 Executing safepoint VM operation: ParallelGCFailedAllocation (Allocation Failure)
Event: 6994.490 Executing safepoint VM operation: ParallelGCFailedAllocation (Allocation Failure) done
Event: 6995.492 Executing safepoint VM operation: Cleanup
Event: 6995.492 Executing safepoint VM operation: Cleanup done
Event: 6996.469 Executing safepoint VM operation: ParallelGCFailedAllocation (Allocation Failure)
Event: 6996.473 Executing safepoint VM operation: ParallelGCFailedAllocation (Allocation Failure) done
Event: 6998.299 Executing safepoint VM operation: ParallelGCFailedAllocation (Allocation Failure)
Event: 6998.303 Executing safepoint VM operation: ParallelGCFailedAllocation (Allocation Failure) done
Event: 6999.315 Executing safepoint VM operation: Cleanup
Event: 6999.315 Executing safepoint VM operation: Cleanup done
Event: 6999.672 Executing safepoint VM operation: ParallelGCFailedAllocation (Allocation Failure)
Event: 6999.680 Executing safepoint VM operation: ParallelGCFailedAllocation (Allocation Failure) done
Event: 7001.015 Executing safepoint VM operation: ParallelGCFailedAllocation (Allocation Failure)
Event: 7001.022 Executing safepoint VM operation: ParallelGCFailedAllocation (Allocation Failure) done

Memory protections (0 events):
No events

Nmethod flushes (20 events):
Event: 3042.296 Thread 0x0000024179c33f60 flushing  nmethod 0x0000024102135090
Event: 3042.296 Thread 0x0000024179c33f60 flushing  nmethod 0x0000024102149290
Event: 3042.296 Thread 0x0000024179c33f60 flushing  nmethod 0x000002410214a110
Event: 3042.296 Thread 0x0000024179c33f60 flushing  nmethod 0x000002410214a710
Event: 3042.296 Thread 0x0000024179c33f60 flushing  nmethod 0x000002410214af10
Event: 3042.296 Thread 0x0000024179c33f60 flushing  nmethod 0x000002410214b710
Event: 3042.296 Thread 0x0000024179c33f60 flushing  nmethod 0x000002410214be90
Event: 3042.296 Thread 0x0000024179c33f60 flushing  nmethod 0x000002410214c210
Event: 3042.296 Thread 0x0000024179c33f60 flushing  nmethod 0x000002410214c610
Event: 3042.296 Thread 0x0000024179c33f60 flushing  nmethod 0x000002410214df90
Event: 3042.296 Thread 0x0000024179c33f60 flushing  nmethod 0x000002410214ec10
Event: 3042.296 Thread 0x0000024179c33f60 flushing  nmethod 0x000002410214f010
Event: 3042.296 Thread 0x0000024179c33f60 flushing  nmethod 0x000002410214f910
Event: 3042.296 Thread 0x0000024179c33f60 flushing  nmethod 0x000002410215f410
Event: 3042.296 Thread 0x0000024179c33f60 flushing  nmethod 0x000002410216a490
Event: 3042.297 Thread 0x0000024179c33f60 flushing  nmethod 0x0000024102172490
Event: 3042.297 Thread 0x0000024179c33f60 flushing  nmethod 0x0000024102179990
Event: 3042.297 Thread 0x0000024179c33f60 flushing  nmethod 0x0000024102189610
Event: 3042.297 Thread 0x0000024179c33f60 flushing  nmethod 0x0000024102193a90
Event: 3042.297 Thread 0x0000024179c33f60 flushing  nmethod 0x0000024102193e90

Events (20 events):
Event: 6558.867 Thread 0x000002417f55dbf0 Thread exited: 0x000002417f55dbf0
Event: 6639.520 Thread 0x000002415822d060 Thread exited: 0x000002415822d060
Event: 6639.941 Thread 0x0000024158ce1640 Thread exited: 0x0000024158ce1640
Event: 6640.765 Thread 0x000002415859c680 Thread exited: 0x000002415859c680
Event: 6684.008 Thread 0x0000024158596410 Thread added: 0x000002417f5637d0
Event: 6688.815 Thread 0x0000024158cdce10 Thread added: 0x000002417f563140
Event: 6713.171 Thread 0x000002417d5dd1e0 Thread added: 0x000002417edbf870
Event: 6713.716 Thread 0x000002417edbf870 Thread exited: 0x000002417edbf870
Event: 6713.895 Thread 0x000002417d5dd1e0 Thread added: 0x000002417edc13b0
Event: 6715.391 Thread 0x000002417edc13b0 Thread exited: 0x000002417edc13b0
Event: 6717.114 Thread 0x000002417d5dd1e0 Thread added: 0x000002417edc2150
Event: 6718.797 Thread 0x0000024158cdfc00 Thread added: 0x000002417f55fcc0
Event: 6720.253 Thread 0x000002417edc2150 Thread exited: 0x000002417edc2150
Event: 6752.100 Thread 0x000002417d5dd1e0 Thread added: 0x000002417edc2150
Event: 6752.839 Thread 0x000002417edc2150 Thread exited: 0x000002417edc2150
Event: 6770.132 Thread 0x000002417d5dd1e0 Thread added: 0x000002417edc2150
Event: 6770.720 Thread 0x000002417edc2150 Thread exited: 0x000002417edc2150
Event: 6770.793 Thread 0x000002417d5dd1e0 Thread added: 0x000002417edc2150
Event: 6771.316 Thread 0x000002417edc2150 Thread exited: 0x000002417edc2150
Event: 6830.953 Thread 0x000002417f55fcc0 Thread exited: 0x000002417f55fcc0


Dynamic libraries:
0x00007ff6cf300000 - 0x00007ff6cf30e000 	c:\Users\Andres\.vscode\extensions\redhat.java-1.56.0-win32-x64\jre\21.0.12.1-win32-x86_64\bin\java.exe
0x00007fff30fb0000 - 0x00007fff311a8000 	C:\WINDOWS\SYSTEM32\ntdll.dll
0x00007fff30950000 - 0x00007fff30a12000 	C:\WINDOWS\System32\KERNEL32.DLL
0x00007fff2e760000 - 0x00007fff2ea56000 	C:\WINDOWS\System32\KERNELBASE.dll
0x00007fff2ed00000 - 0x00007fff2ee00000 	C:\WINDOWS\System32\ucrtbase.dll
0x00007fff0f310000 - 0x00007fff0f328000 	c:\Users\Andres\.vscode\extensions\redhat.java-1.56.0-win32-x64\jre\21.0.12.1-win32-x86_64\bin\jli.dll
0x00007fff30a20000 - 0x00007fff30bc1000 	C:\WINDOWS\System32\USER32.dll
0x00007fff2eab0000 - 0x00007fff2ead2000 	C:\WINDOWS\System32\win32u.dll
0x00007fff2f6a0000 - 0x00007fff2f6cb000 	C:\WINDOWS\System32\GDI32.dll
0x00007fff2e640000 - 0x00007fff2e759000 	C:\WINDOWS\System32\gdi32full.dll
0x00007fff2ee80000 - 0x00007fff2ef1d000 	C:\WINDOWS\System32\msvcp_win.dll
0x00007fff0eef0000 - 0x00007fff0ef0e000 	c:\Users\Andres\.vscode\extensions\redhat.java-1.56.0-win32-x64\jre\21.0.12.1-win32-x86_64\bin\VCRUNTIME140.dll
0x00007fff1f960000 - 0x00007fff1fbfb000 	C:\WINDOWS\WinSxS\amd64_microsoft.windows.common-controls_6595b64144ccf1df_6.0.19041.6456_none_60b8a6cb71f64256\COMCTL32.dll
0x00007fff30330000 - 0x00007fff303ce000 	C:\WINDOWS\System32\msvcrt.dll
0x00007fff2f670000 - 0x00007fff2f69f000 	C:\WINDOWS\System32\IMM32.DLL
0x00007fff1ed90000 - 0x00007fff1ed9c000 	c:\Users\Andres\.vscode\extensions\redhat.java-1.56.0-win32-x64\jre\21.0.12.1-win32-x86_64\bin\vcruntime140_1.dll
0x00007ffefc170000 - 0x00007ffefc1fd000 	c:\Users\Andres\.vscode\extensions\redhat.java-1.56.0-win32-x64\jre\21.0.12.1-win32-x86_64\bin\msvcp140.dll
0x00007ffea4aa0000 - 0x00007ffea5842000 	c:\Users\Andres\.vscode\extensions\redhat.java-1.56.0-win32-x64\jre\21.0.12.1-win32-x86_64\bin\server\jvm.dll
0x00007fff2f6d0000 - 0x00007fff2f781000 	C:\WINDOWS\System32\ADVAPI32.dll
0x00007fff30db0000 - 0x00007fff30e4f000 	C:\WINDOWS\System32\sechost.dll
0x00007fff30e50000 - 0x00007fff30f70000 	C:\WINDOWS\System32\RPCRT4.dll
0x00007fff2eb70000 - 0x00007fff2eb97000 	C:\WINDOWS\System32\bcrypt.dll
0x00007fff302c0000 - 0x00007fff3032b000 	C:\WINDOWS\System32\WS2_32.dll
0x00007fff2e4a0000 - 0x00007fff2e4eb000 	C:\WINDOWS\SYSTEM32\POWRPROF.dll
0x00007fff1fca0000 - 0x00007fff1fcc7000 	C:\WINDOWS\SYSTEM32\WINMM.dll
0x00007fff2b3c0000 - 0x00007fff2b3ca000 	C:\WINDOWS\SYSTEM32\VERSION.dll
0x00007fff2e480000 - 0x00007fff2e492000 	C:\WINDOWS\SYSTEM32\UMPDC.dll
0x00007fff2cea0000 - 0x00007fff2ceb2000 	C:\WINDOWS\SYSTEM32\kernel.appcore.dll
0x00007fff1e090000 - 0x00007fff1e09a000 	c:\Users\Andres\.vscode\extensions\redhat.java-1.56.0-win32-x64\jre\21.0.12.1-win32-x86_64\bin\jimage.dll
0x00007fff204f0000 - 0x00007fff206f1000 	C:\WINDOWS\SYSTEM32\DBGHELP.DLL
0x00007fff1cb10000 - 0x00007fff1cb44000 	C:\WINDOWS\SYSTEM32\dbgcore.DLL
0x00007fff2eae0000 - 0x00007fff2eb62000 	C:\WINDOWS\System32\bcryptPrimitives.dll
0x00007fff1d230000 - 0x00007fff1d23f000 	c:\Users\Andres\.vscode\extensions\redhat.java-1.56.0-win32-x64\jre\21.0.12.1-win32-x86_64\bin\instrument.dll
0x00007fff0ec10000 - 0x00007fff0ec30000 	c:\Users\Andres\.vscode\extensions\redhat.java-1.56.0-win32-x64\jre\21.0.12.1-win32-x86_64\bin\java.dll
0x00007fff2f790000 - 0x00007fff2ff00000 	C:\WINDOWS\System32\SHELL32.dll
0x00007fff2c680000 - 0x00007fff2ce25000 	C:\WINDOWS\SYSTEM32\windows.storage.dll
0x00007fff30590000 - 0x00007fff308e4000 	C:\WINDOWS\System32\combase.dll
0x00007fff2df90000 - 0x00007fff2dfbb000 	C:\WINDOWS\SYSTEM32\Wldp.dll
0x00007fff30bf0000 - 0x00007fff30cbd000 	C:\WINDOWS\System32\OLEAUT32.dll
0x00007fff300f0000 - 0x00007fff3019d000 	C:\WINDOWS\System32\SHCORE.dll
0x00007fff2ffe0000 - 0x00007fff3003b000 	C:\WINDOWS\System32\shlwapi.dll
0x00007fff2e570000 - 0x00007fff2e594000 	C:\WINDOWS\SYSTEM32\profapi.dll
0x00007fff0e980000 - 0x00007fff0e998000 	c:\Users\Andres\.vscode\extensions\redhat.java-1.56.0-win32-x64\jre\21.0.12.1-win32-x86_64\bin\zip.dll
0x00007fff16900000 - 0x00007fff16910000 	C:\Users\Andres\.vscode\extensions\redhat.java-1.56.0-win32-x64\jre\21.0.12.1-win32-x86_64\bin\net.dll
0x00007fff293f0000 - 0x00007fff294fa000 	C:\WINDOWS\SYSTEM32\WINHTTP.dll
0x00007fff2dcf0000 - 0x00007fff2dd5a000 	C:\WINDOWS\system32\mswsock.dll
0x00007fff0d650000 - 0x00007fff0d666000 	C:\Users\Andres\.vscode\extensions\redhat.java-1.56.0-win32-x64\jre\21.0.12.1-win32-x86_64\bin\nio.dll
0x00007fff165b0000 - 0x00007fff165c0000 	c:\Users\Andres\.vscode\extensions\redhat.java-1.56.0-win32-x64\jre\21.0.12.1-win32-x86_64\bin\verify.dll
0x00007ffefb6d0000 - 0x00007ffefb715000 	C:\Users\Andres\AppData\Roaming\Code\User\globalStorage\redhat.java\1.56.0\config_win\org.eclipse.equinox.launcher\org.eclipse.equinox.launcher.win32.win32.x86_64_1.3.100.v20260804-1928\eclipse_11924.dll
0x00007fff2efd0000 - 0x00007fff2f0fb000 	C:\WINDOWS\System32\ole32.dll
0x00007fff2def0000 - 0x00007fff2df08000 	C:\WINDOWS\SYSTEM32\CRYPTSP.dll
0x00007fff2d610000 - 0x00007fff2d648000 	C:\WINDOWS\system32\rsaenh.dll
0x00007fff2e530000 - 0x00007fff2e55e000 	C:\WINDOWS\SYSTEM32\USERENV.dll
0x00007fff2dee0000 - 0x00007fff2deec000 	C:\WINDOWS\SYSTEM32\CRYPTBASE.dll
0x00007fff2d9d0000 - 0x00007fff2da0b000 	C:\WINDOWS\SYSTEM32\IPHLPAPI.DLL
0x00007fff30580000 - 0x00007fff30588000 	C:\WINDOWS\System32\NSI.dll
0x00007ffef9850000 - 0x00007ffef9899000 	C:\Users\Andres\AppData\Local\Temp\jna-1965574025\jna99373582159602970.dll
0x00007fff30cc0000 - 0x00007fff30cc8000 	C:\WINDOWS\System32\PSAPI.DLL
0x00007fff286e0000 - 0x00007fff286f7000 	C:\WINDOWS\SYSTEM32\dhcpcsvc6.DLL
0x00007fff28610000 - 0x00007fff2862d000 	C:\WINDOWS\SYSTEM32\dhcpcsvc.DLL
0x00007fff153d0000 - 0x00007fff153de000 	C:\Users\Andres\.vscode\extensions\redhat.java-1.56.0-win32-x64\jre\21.0.12.1-win32-x86_64\bin\sunmscapi.dll
0x00007fff2eba0000 - 0x00007fff2ecfd000 	C:\WINDOWS\System32\CRYPT32.dll
0x00007fff2e000000 - 0x00007fff2e027000 	C:\WINDOWS\SYSTEM32\ncrypt.dll
0x00007fff2dfc0000 - 0x00007fff2dffb000 	C:\WINDOWS\SYSTEM32\NTASN1.dll
0x00007fff2da10000 - 0x00007fff2dada000 	C:\WINDOWS\SYSTEM32\DNSAPI.dll
0x00007fff26270000 - 0x00007fff2627a000 	C:\Windows\System32\rasadhlp.dll
0x00007fff26140000 - 0x00007fff261c0000 	C:\WINDOWS\System32\fwpuclnt.dll
0x00007fff14ff0000 - 0x00007fff14ff9000 	C:\Users\Andres\.vscode\extensions\redhat.java-1.56.0-win32-x64\jre\21.0.12.1-win32-x86_64\bin\extnet.dll

JVMTI agents:
c:\Users\Andres\.vscode\extensions\redhat.java-1.56.0-win32-x64\lombok\lombok-1.18.39-4050.jar path:c:\Users\Andres\.vscode\extensions\redhat.java-1.56.0-win32-x64\jre\21.0.12.1-win32-x86_64\bin\instrument.dll, loaded, initialized, instrumentlib options:none

dbghelp: loaded successfully - version: 4.0.5 - missing functions: none
symbol engine: initialized successfully - sym options: 0x614 - pdb path: .;c:\Users\Andres\.vscode\extensions\redhat.java-1.56.0-win32-x64\jre\21.0.12.1-win32-x86_64\bin;C:\WINDOWS\SYSTEM32;C:\WINDOWS\WinSxS\amd64_microsoft.windows.common-controls_6595b64144ccf1df_6.0.19041.6456_none_60b8a6cb71f64256;c:\Users\Andres\.vscode\extensions\redhat.java-1.56.0-win32-x64\jre\21.0.12.1-win32-x86_64\bin\server;C:\Users\Andres\AppData\Roaming\Code\User\globalStorage\redhat.java\1.56.0\config_win\org.eclipse.equinox.launcher\org.eclipse.equinox.launcher.win32.win32.x86_64_1.3.100.v20260804-1928;C:\Users\Andres\AppData\Local\Temp\jna-1965574025

VM Arguments:
jvm_args: --add-modules=ALL-SYSTEM --add-opens=java.base/java.util=ALL-UNNAMED --add-opens=java.base/java.lang=ALL-UNNAMED --add-opens=java.base/sun.nio.fs=ALL-UNNAMED -Declipse.application=org.eclipse.jdt.ls.core.id1 -Dosgi.bundles.defaultStartLevel=4 -Declipse.product=org.eclipse.jdt.ls.core.product -Djava.import.generatesMetadataFilesAtProjectRoot=false -Dm2e.project.cache.size=50 -DDetectVMInstallationsJob.disabled=true -Dfile.encoding=utf8 -XX:+UseParallelGC -XX:GCTimeRatio=4 -XX:AdaptiveSizePolicyWeight=90 -Dsun.zip.disableMemoryMapping=true -Xmx2G -Xms100m -Xlog:disable -javaagent:c:\Users\Andres\.vscode\extensions\redhat.java-1.56.0-win32-x64\lombok\lombok-1.18.39-4050.jar -XX:+HeapDumpOnOutOfMemoryError -XX:HeapDumpPath=c:\Users\Andres\AppData\Roaming\Code\User\workspaceStorage\60e462f26da92927dfee0f09323ea1bd\redhat.java -Daether.dependencyCollector.impl=bf 
java_command: c:\Users\Andres\.vscode\extensions\redhat.java-1.56.0-win32-x64\server\plugins\org.eclipse.equinox.launcher_1.8.0.v20260804-1928.jar -configuration c:\Users\Andres\AppData\Roaming\Code\User\globalStorage\redhat.java\1.56.0\config_win -data c:\Users\Andres\AppData\Roaming\Code\User\workspaceStorage\60e462f26da92927dfee0f09323ea1bd\redhat.java\jdt_ws --pipe=\\.\pipe\lsp-d59105ad9a6140cc040dbf7a70f30560-sock
java_class_path (initial): c:\Users\Andres\.vscode\extensions\redhat.java-1.56.0-win32-x64\server\plugins\org.eclipse.equinox.launcher_1.8.0.v20260804-1928.jar
Launcher Type: SUN_STANDARD

[Global flags]
    uintx AdaptiveSizePolicyWeight                 = 90                                        {product} {command line}
     intx CICompilerCount                          = 3                                         {product} {ergonomic}
    uintx GCTimeRatio                              = 4                                         {product} {command line}
     bool HeapDumpOnOutOfMemoryError               = true                                   {manageable} {command line}
    ccstr HeapDumpPath                             = c:\Users\Andres\AppData\Roaming\Code\User\workspaceStorage\60e462f26da92927dfee0f09323ea1bd\redhat.java         {manageable} {command line}
   size_t InitialHeapSize                          = 104857600                                 {product} {command line}
   size_t MaxHeapSize                              = 2147483648                                {product} {command line}
   size_t MaxNewSize                               = 715653120                                 {product} {ergonomic}
   size_t MinHeapDeltaBytes                        = 524288                                    {product} {ergonomic}
   size_t MinHeapSize                              = 104857600                                 {product} {command line}
   size_t NewSize                                  = 34603008                                  {product} {ergonomic}
    uintx NonNMethodCodeHeapSize                   = 5832780                                {pd product} {ergonomic}
    uintx NonProfiledCodeHeapSize                  = 122912730                              {pd product} {ergonomic}
   size_t OldSize                                  = 70254592                                  {product} {ergonomic}
    uintx ProfiledCodeHeapSize                     = 122912730                              {pd product} {ergonomic}
    uintx ReservedCodeCacheSize                    = 251658240                              {pd product} {ergonomic}
     bool SegmentedCodeCache                       = true                                      {product} {ergonomic}
   size_t SoftMaxHeapSize                          = 2147483648                             {manageable} {ergonomic}
     bool UseCompressedOops                        = true                           {product lp64_product} {ergonomic}
     bool UseLargePagesIndividualAllocation        = false                                  {pd product} {ergonomic}
     bool UseParallelGC                            = true                                      {product} {command line}

Logging:
Log output configuration:
 #0: stdout all=off uptime,level,tags foldmultilines=false
 #1: stderr all=off uptime,level,tags foldmultilines=false

Release file:
JAVA_VERSION="21.0.12.1" 
MODULES="java.base java.compiler java.datatransfer java.xml java.prefs java.desktop java.instrument java.logging java.management java.security.sasl java.naming java.rmi java.management.rmi java.net.http java.scripting java.security.jgss java.transaction.xa java.sql java.sql.rowset java.xml.crypto java.se java.smartcardio jdk.accessibility jdk.internal.jvmstat jdk.attach jdk.charsets jdk.internal.opt jdk.zipfs jdk.compiler jdk.crypto.ec jdk.crypto.cryptoki jdk.crypto.mscapi jdk.dynalink jdk.internal.ed jdk.editpad jdk.hotspot.agent jdk.httpserver jdk.internal.le jdk.internal.vm.ci jdk.internal.vm.compiler jdk.internal.vm.compiler.management jdk.jartool jdk.javadoc jdk.jcmd jdk.management jdk.management.agent jdk.jconsole jdk.jdeps jdk.jdwp.agent jdk.jdi jdk.jfr jdk.jshell jdk.jsobject jdk.jstatd jdk.localedata jdk.management.jfr jdk.naming.dns jdk.naming.rmi jdk.net jdk.nio.mapmode jdk.random jdk.sctp jdk.security.auth jdk.security.jgss jdk.unsupported jdk.unsupported.desktop jdk.xml.dom" 

Environment Variables:
JAVA_HOME=C:\Program Files\Java\jdk-21
PATH=C:\Program Files\Common Files\Oracle\Java\javapath;C:\Program Files (x86)\Common Files\Oracle\Java\java8path;C:\Program Files (x86)\Common Files\Oracle\Java\javapath;C:\WINDOWS\system32;C:\WINDOWS;C:\WINDOWS\System32\Wbem;C:\WINDOWS\System32\WindowsPowerShell\v1.0\;C:\WINDOWS\System32\OpenSSH\;C:\Program Files (x86)\Microsoft SQL Server\110\Tools\Binn\;C:\Program Files\Microsoft SQL Server\110\Tools\Binn\;C:\Program Files\Microsoft SQL Server\110\DTS\Binn\;C:\WINDOWS\system32\config\systemprofile\.dnx\bin;C:\Program Files\Microsoft DNX\Dnvm\;C:\Program Files\Git\cmd;C:\Program Files\dotnet\;C:\Program Files\Microsoft\Web Platform Installer\;C:\Program Files\Java\jdkX.X.X_XX\bin\;C:\Program Files\nodejs\;C:\Program Files\Java\jdk-21\bin;C:\Program Files\MySQL\MySQL Server 8.0\bin;C:\Program Files\Java\jdk-21\bin;C:\Program Files\MySQL\MySQL Shell 8.0\bin\;C:\Users\Andres\AppData\Local\Microsoft\WindowsApps;C:\Users\Andres\AppData\Local\Programs\Microsoft VS Code\bin;C:\Users\Andres\.dotnet\tools;C:\Users\Andres\AppData\Roaming\npm;C:\ProgramData\Microsoft\Windows\Start Menu\Programs\Node.js;C:\Program Files\apache-maven-3.9.4\bin;C:\Program Files\Java\jdk-17\bin;C:\Program Files\Java\jdk-21\bin;
USERNAME=Andres
OS=Windows_NT
PROCESSOR_IDENTIFIER=Intel64 Family 6 Model 58 Stepping 9, GenuineIntel
TMP=C:\Users\Andres\AppData\Local\Temp
TEMP=C:\Users\Andres\AppData\Local\Temp




Periodic native trim disabled

---------------  S Y S T E M  ---------------

OS:
 Windows 10 , 64 bit Build 19041 (10.0.19041.5915)
OS uptime: 18 days 9:16 hours

CPU: total 4 (initial active 4) (2 cores per cpu, 2 threads per core) family 6 model 58 stepping 9 microcode 0x21, cx8, cmov, fxsr, ht, mmx, sse, sse2, sse3, ssse3, sse4.1, sse4.2, popcnt, tsc, tscinvbit, avx, erms, clmul, vzeroupper, clflush, rdtscp, f16c
Processor Information for the first 4 processors :
  Max Mhz: 3400, Current Mhz: 3400, Mhz Limit: 3400

Memory: 4k page, system-wide physical 3989M (399M free)
TotalPageFile size 16277M (AvailPageFile size 10M)
current process WorkingSet (physical memory assigned to process): 220M, peak: 685M
current process commit charge ("private bytes"): 1751M, peak: 1755M

vm_info: OpenJDK 64-Bit Server VM (21.0.12.1+1-LTS) for windows-amd64 JRE (21.0.12.1+1-LTS), built on 2026-08-18T00:00:00Z by "admin" with MS VC++ 17.12 (VS2022)

END.
